src/App.tsx(438,121): error TS2339: Property 'title' does not exist on type '{ type: string; data: any; options: any; description: string; }'.
